Action: quit
